// Jest Snapshot v1, https://goo.gl/fbAQLP

exports[`matched snapshot 1`] = `
<styled.div>
  <styled.div>
    âœ…
  </styled.div>
  <styled.span>
    Sign Up Complete!
  </styled.span>
</styled.div>
`;
